Test run for D:\a\Retro.NET\Retro.NET\tests\Retro.Wpf.Tests\bin\Release\net8.0-windows\Retro.Wpf.Tests.dll (.NETCoreApp,Version=v8.0)
A total of 1 test files matched the specified pattern.
[xUnit.net 00:00:00.00] xUnit.net VSTest Adapter v2.8.2+699d445a1a (64-bit .NET 8.0.31)
[xUnit.net 00:00:00.40]   Discovering: Retro.Wpf.Tests
[xUnit.net 00:00:00.83]   Discovered:  Retro.Wpf.Tests
[xUnit.net 00:00:00.84]   Starting:    Retro.Wpf.Tests
  Passed Retro.Wpf.Tests.ControlRenderTests.CheckBox_draws_the_pixel_check_mark [1 s]
  Passed Retro.Wpf.Tests.ControlRenderTests.Control_renders_with_the_retro_template(name: "DataGrid") [429 ms]
  Passed Retro.Wpf.Tests.ControlRenderTests.Control_renders_with_the_retro_template(name: "FormField") [91 ms]
  Passed Retro.Wpf.Tests.ControlRenderTests.Control_renders_with_the_retro_template(name: "ToggleSwitch") [3 ms]
  Passed Retro.Wpf.Tests.ControlRenderTests.Control_renders_with_the_retro_template(name: "Timeline") [33 ms]
  Passed Retro.Wpf.Tests.ControlRenderTests.Control_renders_with_the_retro_template(name: "EmptyState") [27 ms]
  Passed Retro.Wpf.Tests.ControlRenderTests.Control_renders_with_the_retro_template(name: "PasswordBox") [11 ms]
  Passed Retro.Wpf.Tests.ControlRenderTests.Control_renders_with_the_retro_template(name: "CheckBox") [3 ms]
  Passed Retro.Wpf.Tests.ControlRenderTests.Control_renders_with_the_retro_template(name: "GroupBox") [5 ms]
  Passed Retro.Wpf.Tests.ControlRenderTests.Control_renders_with_the_retro_template(name: "Expander") [9 ms]
  Passed Retro.Wpf.Tests.ControlRenderTests.Control_renders_with_the_retro_template(name: "Breadcrumb") [83 ms]
  Passed Retro.Wpf.Tests.ControlRenderTests.Control_renders_with_the_retro_template(name: "ListBox") [17 ms]
  Passed Retro.Wpf.Tests.ControlRenderTests.Control_renders_with_the_retro_template(name: "ToggleButton") [9 ms]
  Passed Retro.Wpf.Tests.ControlRenderTests.Control_renders_with_the_retro_template(name: "StatusBar") [8 ms]
  Passed Retro.Wpf.Tests.ControlRenderTests.Control_renders_with_the_retro_template(name: "Avatar") [6 ms]
  Passed Retro.Wpf.Tests.ControlRenderTests.Control_renders_with_the_retro_template(name: "Badge") [6 ms]
  Passed Retro.Wpf.Tests.ControlRenderTests.Control_renders_with_the_retro_template(name: "Slider") [9 ms]
  Passed Retro.Wpf.Tests.ControlRenderTests.Control_renders_with_the_retro_template(name: "ComboBox") [13 ms]
  Passed Retro.Wpf.Tests.ControlRenderTests.Control_renders_with_the_retro_template(name: "MessageStrip") [12 ms]
  Passed Retro.Wpf.Tests.ControlRenderTests.Control_renders_with_the_retro_template(name: "TreeView") [16 ms]
  Passed Retro.Wpf.Tests.ControlRenderTests.Control_renders_with_the_retro_template(name: "TabControl") [23 ms]
  Passed Retro.Wpf.Tests.ControlRenderTests.Control_renders_with_the_retro_template(name: "DatePicker") [51 ms]
  Passed Retro.Wpf.Tests.ControlRenderTests.Control_renders_with_the_retro_template(name: "ToolBar") [26 ms]
  Passed Retro.Wpf.Tests.ControlRenderTests.Control_renders_with_the_retro_template(name: "ScrollViewer") [20 ms]
  Passed Retro.Wpf.Tests.ControlRenderTests.Control_renders_with_the_retro_template(name: "Menu") [22 ms]
  Passed Retro.Wpf.Tests.ControlRenderTests.Control_renders_with_the_retro_template(name: "Calendar") [104 ms]
  Passed Retro.Wpf.Tests.ControlRenderTests.Control_renders_with_the_retro_template(name: "ProgressBarIndeterminate") [20 ms]
  Passed Retro.Wpf.Tests.ControlRenderTests.Control_renders_with_the_retro_template(name: "ButtonDisabled") [5 ms]
  Passed Retro.Wpf.Tests.ControlRenderTests.Control_renders_with_the_retro_template(name: "ButtonIcon") [6 ms]
  Passed Retro.Wpf.Tests.ControlRenderTests.Control_renders_with_the_retro_template(name: "Button") [4 ms]
  Passed Retro.Wpf.Tests.ControlRenderTests.Control_renders_with_the_retro_template(name: "ListView") [63 ms]
  Passed Retro.Wpf.Tests.ControlRenderTests.Control_renders_with_the_retro_template(name: "Pagination") [59 ms]
  Passed Retro.Wpf.Tests.ControlRenderTests.Control_renders_with_the_retro_template(name: "ComboBoxEditable") [8 ms]
  Passed Retro.Wpf.Tests.ControlRenderTests.Control_renders_with_the_retro_template(name: "RadioButton") [5 ms]
  Passed Retro.Wpf.Tests.ControlRenderTests.Control_renders_with_the_retro_template(name: "TextBox") [5 ms]
  Passed Retro.Wpf.Tests.ControlRenderTests.Control_renders_with_the_retro_template(name: "Tag") [27 ms]
  Passed Retro.Wpf.Tests.ControlRenderTests.Control_renders_with_the_retro_template(name: "ProgressBar") [4 ms]
  Passed Retro.Wpf.Tests.ControlRenderTests.ToggleSwitch_moves_the_knob_and_turns_amber [6 ms]
  Passed Retro.Wpf.Tests.ControlRenderTests.Disabled_button_drops_the_black_outline [3 ms]
  Passed Retro.Wpf.Tests.ControlRenderTests.Button_has_strong_raised_bevel [3 ms]
  Passed Retro.Wpf.Tests.ControlRenderTests.Selected_tab_is_blue_and_selected_row_is_amber [31 ms]
  Passed Retro.Wpf.Tests.ControlRenderTests.Tag_and_message_tones_use_status_colors [32 ms]
  Passed Retro.Wpf.Tests.ControlRenderTests.TextBox_is_sunken_white_and_turns_pink_on_error [62 ms]
  Passed Retro.Wpf.Tests.ControlRenderTests.ProgressBar_fills_with_stripes_up_to_its_value [3 ms]
  Passed Retro.Wpf.Tests.BevelTests.Sunken_is_dark_top_left_and_light_bottom_right [3 ms]
  Passed Retro.Wpf.Tests.BevelTests.Border_takes_part_in_layout(kind: None, width: 0) [6 ms]
  Passed Retro.Wpf.Tests.BevelTests.Border_takes_part_in_layout(kind: RaisedStrong, width: 2) [1 ms]
  Passed Retro.Wpf.Tests.BevelTests.Border_takes_part_in_layout(kind: Sunken, width: 1) [< 1 ms]
  Passed Retro.Wpf.Tests.BevelTests.Border_takes_part_in_layout(kind: Flat, width: 1) [< 1 ms]
  Passed Retro.Wpf.Tests.BevelTests.Border_takes_part_in_layout(kind: SunkenStrong, width: 2) [< 1 ms]
  Passed Retro.Wpf.Tests.BevelTests.Border_takes_part_in_layout(kind: Fieldset, width: 2) [< 1 ms]
  Passed Retro.Wpf.Tests.BevelTests.Border_takes_part_in_layout(kind: Raised, width: 1) [< 1 ms]
  Passed Retro.Wpf.Tests.BevelTests.SunkenStrong_has_outline_then_dark_then_light [2 ms]
  Passed Retro.Wpf.Tests.BevelTests.RaisedStrong_adds_a_black_outline [2 ms]
  Passed Retro.Wpf.Tests.BevelTests.Hidden_border_keeps_its_space_but_draws_nothing [2 ms]
  Passed Retro.Wpf.Tests.BevelTests.Raised_is_light_top_left_and_dark_bottom_right [2 ms]
  Passed Retro.Wpf.Tests.BevelTests.Flat_and_fieldset [2 ms]
  Passed Retro.Wpf.Tests.BehaviorTests.Breadcrumb_marks_first_and_current_and_reports_clicks [16 ms]
  Passed Retro.Wpf.Tests.BehaviorTests.ToggleSwitch_toggles [3 ms]
  Passed Retro.Wpf.Tests.BehaviorTests.Pagination_prev_and_next_are_disabled_at_the_ends [2 ms]
  Passed Retro.Wpf.Tests.BehaviorTests.RetroIcon_measures_to_its_size [< 1 ms]
  Passed Retro.Wpf.Tests.BehaviorTests.FormField_error_flags_inner_inputs [6 ms]
  Passed Retro.Wpf.Tests.BehaviorTests.Tag_close_collapses_unless_handled [7 ms]
  Passed Retro.Wpf.Tests.BehaviorTests.RetroDialog_maps_buttons_icons_and_results [77 ms]
  Passed Retro.Wpf.Tests.BehaviorTests.MessageStrip_icon_follows_severity [< 1 ms]
  Passed Retro.Wpf.Tests.BehaviorTests.Timeline_highlights_the_first_item [4 ms]
  Passed Retro.Wpf.Tests.BehaviorTests.Badge_formats_and_hides [1 ms]
  Passed Retro.Wpf.Tests.BehaviorTests.Pagination_builds_the_expected_strips [< 1 ms]
  Passed Retro.Wpf.Tests.BehaviorTests.Pagination_command_changes_page_and_raises_event [24 ms]
  Passed Retro.Wpf.Tests.ScreenTests.Main_window_renders_with_retro_chrome [475 ms]
  Passed Retro.Wpf.Tests.ScreenTests.Message_box_window_renders [48 ms]
  Passed Retro.Wpf.Tests.ScreenTests.Gallery_renders [1 s]
  Passed Retro.Wpf.Tests.ScreenTests.Shipment_screen_renders_every_tab [521 ms]
  Passed Retro.Wpf.Tests.ThemeTests.Brush_tokens_match_the_design(key: "Retro.StatusSuccess", hex: "#2E8B3E") [< 1 ms]
  Passed Retro.Wpf.Tests.ThemeTests.Brush_tokens_match_the_design(key: "Retro.InputFocusBackground", hex: "#FFFFE1") [< 1 ms]
  Passed Retro.Wpf.Tests.ThemeTests.Brush_tokens_match_the_design(key: "Retro.AccentPale", hex: "#FFF6D9") [< 1 ms]
  Passed Retro.Wpf.Tests.ThemeTests.Brush_tokens_match_the_design(key: "Retro.SurfaceInset", hex: "#FFFFFF") [< 1 ms]
  Passed Retro.Wpf.Tests.ThemeTests.Brush_tokens_match_the_design(key: "Retro.HeaderGloss", hex: "#6FA3D6") [< 1 ms]
  Passed Retro.Wpf.Tests.ThemeTests.Brush_tokens_match_the_design(key: "Retro.Surface3", hex: "#F5F8FB") [< 1 ms]
  Passed Retro.Wpf.Tests.ThemeTests.Brush_tokens_match_the_design(key: "Retro.StatusInfo", hex: "#1F6BB8") [< 1 ms]
  Passed Retro.Wpf.Tests.ThemeTests.Brush_tokens_match_the_design(key: "Retro.StatusError", hex: "#C8281E") [< 1 ms]
  Passed Retro.Wpf.Tests.ThemeTests.Brush_tokens_match_the_design(key: "Retro.BorderLight", hex: "#FFFFFF") [< 1 ms]
  Passed Retro.Wpf.Tests.ThemeTests.Brush_tokens_match_the_design(key: "Retro.AccentSoft", hex: "#FFE8A8") [< 1 ms]
  Passed Retro.Wpf.Tests.ThemeTests.Brush_tokens_match_the_design(key: "Retro.HeaderBlue2", hex: "#2A6FB8") [< 1 ms]
  Passed Retro.Wpf.Tests.ThemeTests.Brush_tokens_match_the_design(key: "Retro.StatusWarning", hex: "#E8A100") [< 1 ms]
  Passed Retro.Wpf.Tests.ThemeTests.Brush_tokens_match_the_design(key: "Retro.ForegroundMuted", hex: "#4A5566") [< 1 ms]
  Passed Retro.Wpf.Tests.ThemeTests.Brush_tokens_match_the_design(key: "Retro.ForegroundDisabled", hex: "#8A95A5") [< 1 ms]
  Passed Retro.Wpf.Tests.ThemeTests.Brush_tokens_match_the_design(key: "Retro.LinkVisited", hex: "#6B3F8A") [< 1 ms]
  Passed Retro.Wpf.Tests.ThemeTests.Brush_tokens_match_the_design(key: "Retro.BorderDark", hex: "#6E7A89") [< 1 ms]
  Passed Retro.Wpf.Tests.ThemeTests.Brush_tokens_match_the_design(key: "Retro.Surface", hex: "#D6E4F1") [< 1 ms]
  Passed Retro.Wpf.Tests.ThemeTests.Brush_tokens_match_the_design(key: "Retro.BorderMid", hex: "#A6B4C5") [< 1 ms]
  Passed Retro.Wpf.Tests.ThemeTests.Brush_tokens_match_the_design(key: "Retro.Accent", hex: "#F0AB00") [< 1 ms]
  Passed Retro.Wpf.Tests.ThemeTests.Brush_tokens_match_the_design(key: "Retro.Surface2", hex: "#EAF1F8") [< 1 ms]
  Passed Retro.Wpf.Tests.ThemeTests.Brush_tokens_match_the_design(key: "Retro.LinkHover", hex: "#C8281E") [< 1 ms]
  Passed Retro.Wpf.Tests.ThemeTests.Brush_tokens_match_the_design(key: "Retro.HeaderBlue1", hex: "#003D7A") [< 1 ms]
  Passed Retro.Wpf.Tests.ThemeTests.Brush_tokens_match_the_design(key: "Retro.Link", hex: "#1F6BB8") [< 1 ms]
  Passed Retro.Wpf.Tests.ThemeTests.RetroColors_constants_match_the_resource_dictionary [< 1 ms]
  Passed Retro.Wpf.Tests.ThemeTests.Type_scale_and_font_stack_are_defined [< 1 ms]
[xUnit.net 00:00:06.76]   Finished:    Retro.Wpf.Tests
Data collector 'Blame' message: All tests finished running, Sequence file will not be generated.
  Passed Retro.Wpf.Tests.ThemeTests.Every_resource_in_the_theme_can_be_instantiated [103 ms]
  Passed Retro.Wpf.Tests.ThemeTests.All_icons_resolve_to_16px_images [9 ms]
  Passed Retro.Wpf.Tests.ThemeTests.Generic_dictionary_loads [11 ms]
Results File: D:\a\Retro.NET\Retro.NET\artifacts\test-results\results.trx

Test Run Successful.
Total tests: 101
     Passed: 101
 Total time: 9.7513 Seconds
